[0m21:56:54.271737 [debug] [MainThread]: Sending event: {'category': 'dbt', 'action': 'invocation', 'label': 'start', 'context': [<snowplow_tracker.self_describing_json.SelfDescribingJson object at 0x1099c9d10>, <snowplow_tracker.self_describing_json.SelfDescribingJson object at 0x109a7f1d0>, <snowplow_tracker.self_describing_json.SelfDescribingJson object at 0x109a7fa10>]}


============================== 21:56:54.274115 | f3b3e1c8-9cd1-4193-adfe-48d06f2eb20c ==============================
[0m21:56:54.274115 [info ] [MainThread]: Running with dbt=1.11.7
[0m21:56:54.274357 [debug] [MainThread]: running dbt with arguments {'partial_parse': 'True', 'empty': 'None', 'invocation_command': 'dbt init dbt_project', 'introspect': 'True', 'write_json': 'True', 'use_experimental_parser': 'False', 'no_print': 'None', 'printer_width': '80', 'cache_selected_only': 'False', 'static_parser': 'True', 'log_format': 'default', 'fail_fast': 'False', 'profiles_dir': '/Users/nishchaychaturvedi/.dbt', 'send_anonymous_usage_stats': 'True', 'indirect_selection': 'eager', 'use_colors': 'True', 'target_path': 'None', 'warn_error': 'None', 'debug': 'False', 'quiet': 'False', 'log_path': 'logs', 'log_cache_events': 'False', 'warn_error_options': 'WarnErrorOptionsV2(error=[], warn=[], silence=[])', 'version_check': 'True'}
[0m21:56:54.280252 [info ] [MainThread]: Creating dbt configuration folder at /Users/nishchaychaturvedi/.dbt
[0m21:56:54.280669 [info ] [MainThread]: A project called dbt_project already exists here.
[0m21:56:54.395877 [debug] [MainThread]: Resource report: {"command_name": "init", "command_success": true, "command_wall_clock_time": 0.15647025, "process_in_blocks": "0", "process_kernel_time": 0.103521, "process_mem_max_rss": "114769920", "process_out_blocks": "0", "process_user_time": 0.532935}
[0m21:56:54.396631 [debug] [MainThread]: Command `dbt init` succeeded at 21:56:54.396533 after 0.16 seconds
[0m21:56:54.396954 [debug] [MainThread]: Sending event: {'category': 'dbt', 'action': 'invocation', 'label': 'end', 'context': [<snowplow_tracker.self_describing_json.SelfDescribingJson object at 0x1099d3510>, <snowplow_tracker.self_describing_json.SelfDescribingJson object at 0x109a5ddd0>, <snowplow_tracker.self_describing_json.SelfDescribingJson object at 0x10452b950>]}
[0m21:56:54.397192 [debug] [MainThread]: Flushing usage events
[0m21:56:54.711689 [debug] [MainThread]: An error was encountered while trying to flush usage events
[0m21:57:16.515809 [debug] [MainThread]: Sending event: {'category': 'dbt', 'action': 'invocation', 'label': 'start', 'context': [<snowplow_tracker.self_describing_json.SelfDescribingJson object at 0x1054ee8d0>, <snowplow_tracker.self_describing_json.SelfDescribingJson object at 0x105581bd0>, <snowplow_tracker.self_describing_json.SelfDescribingJson object at 0x1055a3a10>]}


============================== 21:57:16.518051 | 709c735e-1032-42d5-af69-e763f09213cd ==============================
[0m21:57:16.518051 [info ] [MainThread]: Running with dbt=1.11.7
[0m21:57:16.518283 [debug] [MainThread]: running dbt with arguments {'log_cache_events': 'False', 'indirect_selection': 'eager', 'empty': 'None', 'debug': 'False', 'quiet': 'False', 'cache_selected_only': 'False', 'introspect': 'True', 'use_experimental_parser': 'False', 'version_check': 'True', 'send_anonymous_usage_stats': 'True', 'partial_parse': 'True', 'static_parser': 'True', 'fail_fast': 'False', 'profiles_dir': '/Users/nishchaychaturvedi/.dbt', 'invocation_command': 'dbt init dbt_project', 'warn_error_options': 'WarnErrorOptionsV2(error=[], warn=[], silence=[])', 'no_print': 'None', 'target_path': 'None', 'use_colors': 'True', 'printer_width': '80', 'log_format': 'default', 'log_path': 'logs', 'warn_error': 'None', 'write_json': 'True'}
[0m21:57:16.524383 [debug] [MainThread]: Starter project path: /Users/nishchaychaturvedi/cruise-revenue-ai/venv/lib/python3.11/site-packages/dbt/include/starter_project
[0m21:57:16.527323 [info ] [MainThread]: 
Your new dbt project "dbt_project" was created!

For more information on how to configure the profiles.yml file,
please consult the dbt documentation here:

  https://docs.getdbt.com/docs/configure-your-profile

One more thing:

Need help? Don't hesitate to reach out to us via GitHub issues or on Slack:

  https://community.getdbt.com/

Happy modeling!

[0m21:57:16.527457 [info ] [MainThread]: Setting up your profile.
[0m21:57:46.245980 [debug] [MainThread]: Snowflake adapter: Setting snowflake.connector to ERROR (file logging only)
[0m21:57:46.246327 [debug] [MainThread]: Snowflake adapter: Setting botocore to ERROR (file logging only)
[0m21:57:46.246445 [debug] [MainThread]: Snowflake adapter: Setting boto3 to ERROR (file logging only)
[0m22:00:08.469740 [info ] [MainThread]: Profile dbt_project written to /Users/nishchaychaturvedi/.dbt/profiles.yml using target's profile_template.yml and your supplied values. Run 'dbt debug' to validate the connection.
[0m22:00:08.480897 [debug] [MainThread]: Resource report: {"command_name": "init", "command_success": true, "command_wall_clock_time": 171.99686, "process_in_blocks": "0", "process_kernel_time": 0.217199, "process_mem_max_rss": "200196096", "process_out_blocks": "0", "process_user_time": 0.821299}
[0m22:00:08.484713 [debug] [MainThread]: Command `dbt init` succeeded at 22:00:08.484372 after 172.00 seconds
[0m22:00:08.485783 [debug] [MainThread]: Sending event: {'category': 'dbt', 'action': 'invocation', 'label': 'end', 'context': [<snowplow_tracker.self_describing_json.SelfDescribingJson object at 0x105580c90>, <snowplow_tracker.self_describing_json.SelfDescribingJson object at 0x1047fee90>, <snowplow_tracker.self_describing_json.SelfDescribingJson object at 0x100b13950>]}
[0m22:00:08.486430 [debug] [MainThread]: Flushing usage events
[0m22:00:08.859758 [debug] [MainThread]: An error was encountered while trying to flush usage events
